node.exe : 
At line:1 char:1
+ & "C:\Program Files\nodejs
/node.exe" "C:\Users\Startkl
aar\AppData\Roa ...
+ ~~~~~~~~~~~~~~~~~~~~~~~~~~
~~~~~~~~~~~~~~~~~~~~~~~~~~~~
~~~~~~~~~~~~~~~
    + CategoryInfo          
    : NotSpecified: (:Stri  
  ng) [], RemoteException
    + FullyQualifiedErrorId 
    : NativeCommandError
 
> Build error occurred
Error: EINVAL: invalid argum
ent, readlink 'C:\Users\Star
tklaar\OneDrive\Apps\aivault
sai-antigravity\.next\preren
der-manifest.js'
    at async Object.readlink
 (node:internal/fs/promises:
975:10)
    at async C:\Users\Startk
laar\OneDrive\Apps\aivaultsa
i-antigravity\node_modules\n
ext\dist\lib\recursive-delet
e.js:58:30
    at async Promise.all (in
dex 2)
    at async recursiveDelete
 (C:\Users\Startklaar\OneDri
ve\Apps\aivaultsai-antigravi
ty\node_modules\next\dist\li
b\recursive-delete.js:51:5)
    at async C:\Users\Startk
laar\OneDrive\Apps\aivaultsa
i-antigravity\node_modules\n
ext\dist\build\index.js:692:
17
    at async Span.traceAsync
Fn (C:\Users\Startklaar\OneD
rive\Apps\aivaultsai-antigra
vity\node_modules\next\dist\
trace\trace.js:154:20)
    at async build (C:\Users
\Startklaar\OneDrive\Apps\ai
vaultsai-antigravity\node_mo
dules\next\dist\build\index.
js:366:9) {
  errno: -4071,
  code: 'EINVAL',
  syscall: 'readlink',
  path: 'C:\\Users\\Startkla
ar\\OneDrive\\Apps\\aivaults
ai-antigravity\\.next\\prere
nder-manifest.js'
}
